---
source: crates/automapper-generator/src/codegen/pid_type_gen.rs
expression: schema
---
{
  "beschreibung": "Anmeldung verb. MaLo",
  "fields": {
    "sg2": {
      "children": {
        "sg3_ic": {
          "discriminator": {
            "element": "3139",
            "segment": "CTA",
            "values": [
              "IC"
            ]
          },
          "segments": [
            "COM",
            "CTA"
          ],
          "source_group": "SG3"
        }
      },
      "discriminator": {
        "element": "3035",
        "segment": "NAD"
      },
      "segments": [
        "NAD"
      ],
      "source_group": "SG2"
    },
    "sg4": {
      "children": {
        "sg12_z04": {
          "discriminator": {
            "element": "3035",
            "segment": "NAD",
            "values": [
              "Z04"
            ]
          },
          "segments": [
            "NAD"
          ],
          "source_group": "SG12"
        },
        "sg12_z09": {
          "discriminator": {
            "element": "3035",
            "segment": "NAD",
            "values": [
              "Z09"
            ]
          },
          "segments": [
            "NAD"
          ],
          "source_group": "SG12"
        },
        "sg5_z16": {
          "discriminator": {
            "element": "3227",
            "segment": "LOC",
            "values": [
              "Z16"
            ]
          },
          "segments": [
            "LOC"
          ],
          "source_group": "SG5"
        },
        "sg5_z22": {
          "discriminator": {
            "element": "3227",
            "segment": "LOC",
            "values": [
              "Z22"
            ]
          },
          "segments": [
            "LOC"
          ],
          "source_group": "SG5"
        },
        "sg6": {
          "discriminator": {
            "element": "1153",
            "segment": "RFF"
          },
          "segments": [
            "RFF"
          ],
          "source_group": "SG6"
        },
        "sg8_z01": {
          "children": {
            "sg10": {
              "discriminator": {
                "element": "7059",
                "segment": "CCI"
              },
              "segments": [
                "CCI"
              ],
              "source_group": "SG10"
            }
          },
          "discriminator": {
            "element": "1229",
            "segment": "SEQ",
            "values": [
              "Z01"
            ]
          },
          "segments": [
            "SEQ"
          ],
          "source_group": "SG8"
        },
        "sg8_z75": {
          "children": {
            "sg10": {
              "discriminator": {
                "element": "7059",
                "segment": "CCI"
              },
              "segments": [
                "CAV",
                "CCI"
              ],
              "source_group": "SG10"
            }
          },
          "discriminator": {
            "element": "1229",
            "segment": "SEQ",
            "values": [
              "Z75"
            ]
          },
          "segments": [
            "SEQ"
          ],
          "source_group": "SG8"
        },
        "sg8_z79": {
          "children": {
            "sg10": {
              "discriminator": {
                "element": "7059",
                "segment": "CCI"
              },
              "segments": [
                "CAV",
                "CCI"
              ],
              "source_group": "SG10"
            }
          },
          "discriminator": {
            "element": "1229",
            "segment": "SEQ",
            "values": [
              "Z79"
            ]
          },
          "segments": [
            "PIA",
            "SEQ"
          ],
          "source_group": "SG8"
        },
        "sg8_zh0": {
          "children": {
            "sg10": {
              "discriminator": {
                "element": "7059",
                "segment": "CCI"
              },
              "segments": [
                "CAV",
                "CCI"
              ],
              "source_group": "SG10"
            }
          },
          "discriminator": {
            "element": "1229",
            "segment": "SEQ",
            "values": [
              "ZH0"
            ]
          },
          "segments": [
            "SEQ"
          ],
          "source_group": "SG8"
        }
      },
      "discriminator": {
        "element": "7495",
        "segment": "IDE"
      },
      "segments": [
        "DTM",
        "IDE",
        "STS"
      ],
      "source_group": "SG4"
    }
  },
  "format_version": "FV2504",
  "kommunikation_von": "LF an NB",
  "pid": "55001"
}
